// Vitest Snapshot v1, https://vitest.dev/guide/snapshot.html

exports[`SearchForm > renders snapshot 1`] = `
<form
  class="searchForm"
>
  <label
    class="label"
    for="search"
  >
    Search:
  </label>
  <input
    class="input"
    id="search"
    type="text"
    value="React"
  />
  <button
    class="button buttonLarge"
    type="submit"
  >
    Submit
  </button>
</form>
`;
